name alpha1-test
revision 16
width 2048
height 1024
game_start_delay 1000
late_join_delay 1000

# Background
BACKGROUND	0,0	metal_bgtile	tile=2048,1024
BACKGROUND	-64,448	metal_bgtile	tile=64,128
BACKGROUND	2048,448	metal_bgtile	tile=64,128

# Walls
BACKGROUND	0,1024	metal_wall_s32	tile=2048,32
BACKGROUND	0,-32	metal_wall_n32	tile=2048,32
BACKGROUND	2048,0	metal_wall_e32	tile=32,448
BACKGROUND	2048,448	metal_gate_e
BACKGROUND	2048,576	metal_wall_e32	tile=32,448
BACKGROUND	-32,0	metal_wall_w32	tile=32,448
BACKGROUND	-64,448	metal_gate_w
BACKGROUND	-32,576	metal_wall_w32	tile=32,448

# Wall Corners
BACKGROUND	2048,-32	metal_wall_ne32
BACKGROUND	-32,-32	metal_wall_nw32
BACKGROUND	-32,1024	metal_wall_sw32
BACKGROUND	2048,1024	metal_wall_se32

# Gates
GATE	512,64	blue_gate	team=blue	length=512	rotate=90
#GATE	-15,456	blue_gate	team=blue
GATE	2055,456	red_gate	team=red
REPULSION	0,512	-	circle:400	frozen
REPULSION	2048,512	-	circle:400	frozen

# Spawnpoints
SPAWN	0,512		BLUE
SPAWN	2048,512	RED

# Blocks in front of blue gate
OBSTACLE	192,256	metal_obstacle128	rect:128,128	rotate=15
OBSTACLE	192,640	metal_obstacle128	rect:128,128	scale=1.5

# Upper wall by blue gate
OBSTACLE	512,0	metal_obstacle64	rect:64,64	tile=64,256	scale=1.2

# Lower wall by blue gate
OBSTACLE	512,768	metal_obstacle64	rect:64,64	tile=64,256

# Blocks in front of red gate
OBSTACLE	1728,256	metal_obstacle128	rect:128,128
OBSTACLE	1728,640	metal_obstacle128	rect:128,128

# Upper wall by red gate
OBSTACLE	1472,0	metal_obstacle64	rect:64,64	tile=64,256	rotate=15

# Lower wall by red gate
OBSTACLE	1472,768	metal_obstacle64	rect:64,64	tile=64,256

# Horizontal Dividing Wall
OBSTACLE	512,448	metal_obstacle128	rect:128,128	tile=1024,128

# Extras
OBSTACLE	960,320	metal_obstacle128	rect:128,128
OBSTACLE	960,576	metal_obstacle128	rect:128,128
OBSTACLE	992,704	metal_obstacle64	rect:64,64	tile=64,128
OBSTACLE	992,192	metal_obstacle64	rect:64,64	tile=64,128

HAZARD		768,0		hazard64	rect:64,64	collidable	freeze=10	damage=40	team=RED
HAZARD		768,960		hazard64	rect:64,64	collidable	freeze=10	damage=40	team=RED
HAZARD		1216,0		hazard64	rect:64,64	collidable	freeze=10	damage=40	team=BLUE
HAZARD		1216,960	hazard64	rect:64,64	collidable	freeze=10	damage=40	team=BLUE

HAZARD		768,192		hazard64	rect:64,64	collidable	freeze=10	damage=40
HAZARD		768,768		hazard64	rect:64,64	collidable	freeze=10	damage=40
HAZARD		1216,192	hazard64	rect:64,64	collidable	freeze=10	damage=40
HAZARD		1216,768	hazard64	rect:64,64	collidable	freeze=10	damage=40
