name beta2
width 2048
height 2048

# Background
SPRITE	0,0	TB	metal_bgtile	2048	2048	0,0
SPRITE	-64,960	TB	metal_bgtile	64	128	0,0
SPRITE	2048,960	TB	metal_bgtile	64	128	0,0

# Walls
SPRITE	0,2048	TB	metal_wall_s32	2048	32	0,0
SPRITE	0,-32	TB	metal_wall_n32	2048	32	0,0
SPRITE	2048,0	TB	metal_wall_e32	32	960	0,0
SPRITE	2048,960	B	metal_gate_e
SPRITE	2048,1088	TB	metal_wall_e32	32	960	0,0
SPRITE	-32,0	TB	metal_wall_w32	32	960	0,0
SPRITE	-64,960	B	metal_gate_w
SPRITE	-32,1088	TB	metal_wall_w32	32	960	0,0

# Wall Corners
SPRITE	2048,-32	B	metal_wall_ne32
SPRITE	-32,-32	B	metal_wall_nw32
SPRITE	-32,2048	B	metal_wall_sw32
SPRITE	2048,2048	B	metal_wall_se32
# Gates
GATE	-15,968	BLUE
GATE	2055,968	RED

# SAMPLE Spawnpoints (make your own, each team should have 8)
SPAWN	0,1024	BLUE
SPAWN	0,1025	BLUE
SPAWN	0,1026	BLUE
SPAWN	0,1027	BLUE
SPAWN	0,1028	BLUE
SPAWN	0,1029	BLUE
SPAWN	0,1030	BLUE
SPAWN	0,1031	BLUE

SPAWN	1,1024	BLUE
SPAWN	1,1025	BLUE
SPAWN	1,1026	BLUE
SPAWN	1,1027	BLUE
SPAWN	1,1028	BLUE
SPAWN	1,1029	BLUE
SPAWN	1,1030	BLUE
SPAWN	1,1031	BLUE


SPAWN	2048,1024	RED
SPAWN	2048,1025	RED
SPAWN	2048,1026	RED
SPAWN	2048,1027	RED
SPAWN	2048,1028	RED
SPAWN	2048,1029	RED
SPAWN	2048,1030	RED
SPAWN	2048,1031	RED

SPAWN	2047,1024	RED
SPAWN	2047,1025	RED
SPAWN	2047,1026	RED
SPAWN	2047,1027	RED
SPAWN	2047,1028	RED
SPAWN	2047,1029	RED
SPAWN	2047,1030	RED
SPAWN	2047,1031	RED

# SAMPLE obstacles (make your own)
# Look in data/sprites to see what sprites are available

#quad 2/3 wall
SPRITE	0,1152	O	metal_obstacle64	
SPRITE	64,1152	O	metal_obstacle64	
SPRITE	128,1152	O	metal_obstacle64	
SPRITE	192,1152	O	metal_obstacle64	
SPRITE	256,1152	O	metal_obstacle64	
SPRITE	320,1152	O	metal_obstacle64	
SPRITE	384,1152	O	metal_obstacle64	
SPRITE	448,1152	O	metal_obstacle64	
SPRITE	512,1152	O	metal_obstacle64	
SPRITE	576,1152	O	metal_obstacle64	
SPRITE	640,1152	O	metal_obstacle64	
SPRITE	704,1152	O	metal_obstacle64	
SPRITE	768,1152	O	metal_obstacle64	

#quad 1/2 wall
SPRITE	1152,128	O	metal_obstacle64	
SPRITE	1152,192	O	metal_obstacle64	
SPRITE	1152,256	O	metal_obstacle64	
SPRITE	1152,320	O	metal_obstacle64	
SPRITE	1152,384	O	metal_obstacle64	
SPRITE	1152,448	O	metal_obstacle64	
SPRITE	1152,512	O	metal_obstacle64	
SPRITE	1152,576	O	metal_obstacle64	
SPRITE	1152,640	O	metal_obstacle64	
SPRITE	1152,704	O	metal_obstacle64	
SPRITE	1152,768	O	metal_obstacle64	

#quad 1/4 wall
SPRITE	1984,896	O	metal_obstacle64	
SPRITE	1920,896	O	metal_obstacle64	
SPRITE	1856,896	O	metal_obstacle64	
SPRITE	1792,896	O	metal_obstacle64	
SPRITE	1728,896	O	metal_obstacle64	
SPRITE	1664,896	O	metal_obstacle64	
SPRITE	1600,896	O	metal_obstacle64	
SPRITE	1536,896	O	metal_obstacle64	
SPRITE	1472,896	O	metal_obstacle64	
SPRITE	1408,896	O	metal_obstacle64	
SPRITE	1344,896	O	metal_obstacle64	
SPRITE	1280,896	O	metal_obstacle64	

#quad 3/4 wall
SPRITE	896,1856	O	metal_obstacle64	
SPRITE	896,1792	O	metal_obstacle64	
SPRITE	896,1728	O	metal_obstacle64	
SPRITE	896,1664	O	metal_obstacle64	
SPRITE	896,1600	O	metal_obstacle64	
SPRITE	896,1536	O	metal_obstacle64	
SPRITE	896,1472	O	metal_obstacle64	
SPRITE	896,1408	O	metal_obstacle64	
SPRITE	896,1344	O	metal_obstacle64	
SPRITE	896,1280	O	metal_obstacle64	

#upleft stairs
SPRITE	768,1088	O	metal_obstacle64	
SPRITE	768,1024	O	metal_obstacle64	
SPRITE	832,1024	O	metal_obstacle64	
SPRITE	896,1024	O	metal_obstacle64	
SPRITE	896,960	O	metal_obstacle64	
SPRITE	896,896	O	metal_obstacle64	
SPRITE	960,896	O	metal_obstacle64	
SPRITE	1024,896	O	metal_obstacle64	
SPRITE	1024,832	O	metal_obstacle64	
SPRITE	1024,768	O	metal_obstacle64	
SPRITE	1088,768	O	metal_obstacle64	

#downright stairs
SPRITE	960,1280	O	metal_obstacle64	
SPRITE	1024,1280	O	metal_obstacle64	
SPRITE	1024,1216	O	metal_obstacle64	
SPRITE	1024,1152	O	metal_obstacle64	
SPRITE	1088,1152	O	metal_obstacle64	
SPRITE	1152,1152	O	metal_obstacle64	
SPRITE	1152,1088	O	metal_obstacle64	
SPRITE	1152,1024	O	metal_obstacle64	
SPRITE	1216,1024	O	metal_obstacle64	
SPRITE	1280,1024	O	metal_obstacle64	
SPRITE	1280,960	O	metal_obstacle64	

#######
#quad 2
#######
SPRITE	128,896	O	metal_obstacle128	
SPRITE	256,768	O	metal_obstacle128	
SPRITE	384,640	O	metal_obstacle128	
SPRITE	512,512	O	metal_obstacle128	
SPRITE	640,384	O	metal_obstacle128	
SPRITE	768,256	O	metal_obstacle128	
SPRITE	896,128	O	metal_obstacle128	

#main diag
SPRITE	0,0	O	metal_obstacle64	
SPRITE	64,64	O	metal_obstacle64	
SPRITE	128,128	O	metal_obstacle64	
SPRITE	192,192	O	metal_obstacle64	
SPRITE	256,256	O	metal_obstacle64	
SPRITE	320,320	O	metal_obstacle64	
#main diag 2
SPRITE	832,832	O	metal_obstacle64	
SPRITE	768,768	O	metal_obstacle64	

#secondary
SPRITE	320,576	O	metal_obstacle64	
SPRITE	256,512	O	metal_obstacle64	
SPRITE	512,768	O	metal_obstacle64	
SPRITE	576,832	O	metal_obstacle64	

SPRITE	576,320	O	metal_obstacle64	
SPRITE	512,256	O	metal_obstacle64	
SPRITE	768,512	O	metal_obstacle64	
SPRITE	832,576	O	metal_obstacle64	

#######
#quad 4
#######
SPRITE	1728,1088	O	metal_obstacle128	
SPRITE	1600,1216	O	metal_obstacle128	
SPRITE	1472,1344	O	metal_obstacle128	
SPRITE	1344,1472	O	metal_obstacle128	
SPRITE	1216,1600	O	metal_obstacle128	
SPRITE	1088,1728	O	metal_obstacle128	

#main diag
SPRITE	1216,1216	O	metal_obstacle64	

SPRITE	1984,1984	O	metal_obstacle64	
SPRITE	1920,1920	O	metal_obstacle64	
SPRITE	1856,1856	O	metal_obstacle64	
SPRITE	1792,1792	O	metal_obstacle64	
SPRITE	1728,1728	O	metal_obstacle64	

#secondary
SPRITE	1344,1728	O	metal_obstacle64	
SPRITE	1408,1792	O	metal_obstacle64	
SPRITE	1472,1856	O	metal_obstacle64	

SPRITE	1152,1536	O	metal_obstacle64	
SPRITE	1088,1472	O	metal_obstacle64	

SPRITE	1728,1344	O	metal_obstacle64	
SPRITE	1792,1408	O	metal_obstacle64	
SPRITE	1856,1472	O	metal_obstacle64	

SPRITE	1536,1152	O	metal_obstacle64	
SPRITE	1472,1088	O	metal_obstacle64	

#######
#quad 3
#######
SPRITE	704,1408	O	metal_obstacle64	
SPRITE	640,1408	O	metal_obstacle64	
SPRITE	576,1408	O	metal_obstacle64	
SPRITE	512,1408	O	metal_obstacle64	
SPRITE	448,1408	O	metal_obstacle64	
SPRITE	384,1408	O	metal_obstacle64	
SPRITE	320,1408	O	metal_obstacle64	
SPRITE	256,1408	O	metal_obstacle64	
SPRITE	192,1408	O	metal_obstacle64	
SPRITE	128,1408	O	metal_obstacle64	

SPRITE	704,1792	O	metal_obstacle64	
SPRITE	640,1792	O	metal_obstacle64	
SPRITE	576,1792	O	metal_obstacle64	
SPRITE	512,1792	O	metal_obstacle64	
SPRITE	448,1792	O	metal_obstacle64	
SPRITE	384,1792	O	metal_obstacle64	
SPRITE	320,1792	O	metal_obstacle64	
SPRITE	256,1792	O	metal_obstacle64	
SPRITE	192,1792	O	metal_obstacle64	
SPRITE	128,1792	O	metal_obstacle64	

#These boxes, or some of these boxes, are invisible somehow. WTF?
SPRITE	832,1600	O	metal_obstacle64	
SPRITE	768,1600	O	metal_obstacle64	
SPRITE	704,1600	O	metal_obstacle64	
SPRITE	640,1600	O	metal_obstacle64	
SPRITE	576,1600	O	metal_obstacle64	
SPRITE	512,1600	O	metal_obstacle64	

SPRITE	320,1600	O	metal_obstacle64	
SPRITE	256,1600	O	metal_obstacle64	
SPRITE	192,1600	O	metal_obstacle64	
SPRITE	128,1600	O	metal_obstacle64	
SPRITE	64,1600	O	metal_obstacle64	
SPRITE	0,1600	O	metal_obstacle64	

#######
#quad 1
#######
SPRITE	1344,128	O	metal_obstacle64	
SPRITE	1408,128	O	metal_obstacle64	
SPRITE	1472,128	O	metal_obstacle64	
SPRITE	1536,128	O	metal_obstacle64	
SPRITE	1600,128	O	metal_obstacle64	
SPRITE	1664,128	O	metal_obstacle64	
SPRITE	1728,128	O	metal_obstacle64	
SPRITE	1792,128	O	metal_obstacle64	
SPRITE	1856,128	O	metal_obstacle64	

SPRITE	1344,640	O	metal_obstacle64	
SPRITE	1408,640	O	metal_obstacle64	
SPRITE	1472,640	O	metal_obstacle64	
SPRITE	1536,640	O	metal_obstacle64	
SPRITE	1600,640	O	metal_obstacle64	
SPRITE	1664,640	O	metal_obstacle64	
SPRITE	1728,640	O	metal_obstacle64	
SPRITE	1792,640	O	metal_obstacle64	
SPRITE	1856,640	O	metal_obstacle64	


#These boxes, or some of these boxes, are invisible somehow. WTF?
SPRITE	1216,384	O	metal_obstacle64	
SPRITE	1280,384	O	metal_obstacle64	
SPRITE	1344,384	O	metal_obstacle64	
SPRITE	1408,384	O	metal_obstacle64	
SPRITE	1472,384	O	metal_obstacle64	

SPRITE	1664,384	O	metal_obstacle64	
SPRITE	1728,384	O	metal_obstacle64	
SPRITE	1792,384	O	metal_obstacle64	
SPRITE	1856,384	O	metal_obstacle64	
SPRITE	1920,384	O	metal_obstacle64	
SPRITE	1984,384	O	metal_obstacle64	


