name gamma3
revision 1
width 2048
height 1024

# Background
BACKGROUND	0,0	metal_bgtile	tile=2048,1024
BACKGROUND	-64,448	metal_bgtile	tile=64,128
BACKGROUND	2048,448	metal_bgtile	tile=64,128

# Walls
BACKGROUND	0,1024	metal_wall_s32	tile=2048,32
BACKGROUND	0,-32	metal_wall_n32	tile=2048,32
BACKGROUND	2048,0	metal_wall_e32	tile=32,448
BACKGROUND	2048,448	metal_gate_e
BACKGROUND	2048,576	metal_wall_e32	tile=32,448
BACKGROUND	-32,0	metal_wall_w32	tile=32,448
BACKGROUND	-64,448	metal_gate_w
BACKGROUND	-32,576	metal_wall_w32	tile=32,448

# Wall Corners
BACKGROUND	2048,-32	metal_wall_ne32
BACKGROUND	-32,-32	metal_wall_nw32
BACKGROUND	-32,1024	metal_wall_sw32
BACKGROUND	2048,1024	metal_wall_se32

# Gates
GATE	-15,456	blue_gate	team=blue
GATE	2055,456	red_gate	team=red
REPULSION	0,512	-	circle:400	frozen	strength=0.01
REPULSION	2048,512	-	circle:400	frozen	strength=0.01

# Spawnpoints
SPAWN	0,512		BLUE
SPAWN	2048,512	RED

# Upper and lower wall stubs by the blue gate
OBSTACLE	192,128	metal_obstacle64	rect:64,64	tile=64,128
OBSTACLE	192,768	metal_obstacle64	rect:64,64	tile=64,128

# Upper and lower wall stubs by the red gate
OBSTACLE	1792,128	metal_obstacle64	rect:64,64	tile=64,128
OBSTACLE	1792,768	metal_obstacle64	rect:64,64	tile=64,128

# Big/small obstacle combo adjacent to upper and lower walls
OBSTACLE	384,0	metal_obstacle64	rect:64,64
OBSTACLE	448,0	metal_obstacle128	rect:128,128

OBSTACLE	384,960	metal_obstacle64	rect:64,64
OBSTACLE	448,896	metal_obstacle128	rect:128,128

OBSTACLE	1600,0	metal_obstacle64	rect:64,64
OBSTACLE	1472,0	metal_obstacle128	rect:128,128

OBSTACLE	1600,960	metal_obstacle64	rect:64,64
OBSTACLE	1472,896	metal_obstacle128	rect:128,128

# Big center obstacles
OBSTACLE	896,448	metal_obstacle128	rect:128,128	tile=256,128
OBSTACLE	576,384	metal_obstacle128	rect:128,128	tile=128,256
OBSTACLE	1344,384	metal_obstacle128	rect:128,128	tile=128,256

# Upper and lower wall stubs in middle of map
OBSTACLE	992,0	metal_obstacle64	rect:64,64	tile=64,256
OBSTACLE	992,768	metal_obstacle64	rect:64,64	tile=64,128

# Random small obstacles
OBSTACLE	1152,256	metal_obstacle64	rect:64,64
OBSTACLE	1152,704	metal_obstacle64	rect:64,64
OBSTACLE	832,256	metal_obstacle64	rect:64,64
OBSTACLE	832,704	metal_obstacle64	rect:64,64

