name maze
revision 1
width 2048
height 1024

# Background
SPRITE	0,0	TB	metal_bgtile	2048	1024	0,0
SPRITE	-64,448	TB	metal_bgtile	64	128	0,0
SPRITE	2048,448	TB	metal_bgtile	64	128	0,0

# Walls
SPRITE	0,1024	TB	metal_wall_s32	2048	32	0,0
SPRITE	0,-32	TB	metal_wall_n32	2048	32	0,0
SPRITE	2048,0	TB	metal_wall_e32	32	448	0,0
SPRITE	2048,448	B	metal_gate_e
SPRITE	2048,576	TB	metal_wall_e32	32	448	0,0
SPRITE	-32,0	TB	metal_wall_w32	32	448	0,0
SPRITE	-64,448	B	metal_gate_w
SPRITE	-32,576	TB	metal_wall_w32	32	448	0,0

# Wall Corners
SPRITE	2048,-32	B	metal_wall_ne32
SPRITE	-32,-32	B	metal_wall_nw32
SPRITE	-32,1024	B	metal_wall_sw32
SPRITE	2048,1024	B	metal_wall_se32
# Gates
GATE	-15,456	BLUE
GATE	2055,456	RED

# SAMPLE Spawnpoints (make your own, each team should have 8)
SPAWN	0,512	BLUE
SPAWN	0,513	BLUE
SPAWN	0,514	BLUE
SPAWN	0,515	BLUE
SPAWN	0,516	BLUE
SPAWN	0,517	BLUE
SPAWN	0,518	BLUE
SPAWN	0,519	BLUE

SPAWN	1,512	BLUE
SPAWN	1,513	BLUE
SPAWN	1,514	BLUE
SPAWN	1,515	BLUE
SPAWN	1,516	BLUE
SPAWN	1,517	BLUE
SPAWN	1,518	BLUE
SPAWN	1,519	BLUE

SPAWN	2048,512	RED
SPAWN	2048,513	RED
SPAWN	2048,514	RED
SPAWN	2048,515	RED
SPAWN	2048,516	RED
SPAWN	2048,517	RED
SPAWN	2048,518	RED
SPAWN	2048,519	RED

SPAWN	2047,512	RED
SPAWN	2047,513	RED
SPAWN	2047,514	RED
SPAWN	2047,515	RED
SPAWN	2047,516	RED
SPAWN	2047,517	RED
SPAWN	2047,518	RED
SPAWN	2047,519	RED

# SAMPLE obstacles (make your own)
# Look in data/sprites to see what sprites are available

#This is the wall that starts right above the blue gate
SPRITE	0,288	O	metal_obstacle64	
SPRITE	64,288	O	metal_obstacle64	
SPRITE	128,288	O	metal_obstacle64	
SPRITE	192,288	O	metal_obstacle64	
SPRITE	256,288	O	metal_obstacle64	
SPRITE	320,288	O	metal_obstacle64	
#then down
SPRITE	320,352	O	metal_obstacle64	
SPRITE	320,416	O	metal_obstacle64	
SPRITE	320,480	O	metal_obstacle64	


#wall in the lower left hand corner of the arena
SPRITE	128,544	O	metal_obstacle64	
SPRITE	128,608	O	metal_obstacle64	
SPRITE	128,672	O	metal_obstacle64	
SPRITE	128,736	O	metal_obstacle64	
SPRITE	128,800	O	metal_obstacle64	
#part that goes right
SPRITE	192,672	O	metal_obstacle64	
SPRITE	256,672	O	metal_obstacle64	
SPRITE	320,672	O	metal_obstacle64	
SPRITE	384,672	O	metal_obstacle64	
SPRITE	448,672	O	metal_obstacle64	
SPRITE	512,672	O	metal_obstacle64	
#then up
SPRITE	512,608	O	metal_obstacle64	
SPRITE	512,544	O	metal_obstacle64	
#then right
SPRITE	576,544	O	metal_obstacle64	
SPRITE	640,544	O	metal_obstacle64	
SPRITE	704,544	O	metal_obstacle64	


#bit just above where we were
SPRITE	704,384	O	metal_obstacle64	
SPRITE	768,384	O	metal_obstacle64	
SPRITE	832,384	O	metal_obstacle64	
SPRITE	896,384	O	metal_obstacle64	
#then down
SPRITE	896,448	O	metal_obstacle64	
SPRITE	896,512	O	metal_obstacle64	
#then right
SPRITE	960,512	O	metal_obstacle64	
SPRITE	1024,512	O	metal_obstacle64	
#down again
SPRITE	1024,576	O	metal_obstacle64	
#right 5 (stairs yay)
SPRITE	1088,576	O	metal_obstacle64	
SPRITE	1152,576	O	metal_obstacle64	
SPRITE	1216,576	O	metal_obstacle64	
SPRITE	1280,576	O	metal_obstacle64	
SPRITE	1344,576	O	metal_obstacle64	
#down 3 to connect with s/thing else
SPRITE	1344,640	O	metal_obstacle64	
SPRITE	1344,704	O	metal_obstacle64	
SPRITE	1344,768	O	metal_obstacle64	



#parallel to north wall
SPRITE	704,160	O	metal_obstacle64	
SPRITE	768,160	O	metal_obstacle64	
SPRITE	832,160	O	metal_obstacle64	
SPRITE	896,160	O	metal_obstacle64	

#jut out of north wall
SPRITE	1152,0	O	metal_obstacle64	
SPRITE	1152,64	O	metal_obstacle64	
SPRITE	1152,128	O	metal_obstacle64	

#jump right and go all the way over
SPRITE	1344,128	O	metal_obstacle64	
SPRITE	1408,128	O	metal_obstacle64	
SPRITE	1472,128	O	metal_obstacle64	
SPRITE	1536,128	O	metal_obstacle64	
SPRITE	1600,128	O	metal_obstacle64	
SPRITE	1664,128	O	metal_obstacle64	
SPRITE	1728,128	O	metal_obstacle64	
SPRITE	1792,128	O	metal_obstacle64	
SPRITE	1856,128	O	metal_obstacle64	
#and one down
SPRITE	1856,192	O	metal_obstacle64	


#jump down and right
SPRITE	1152,320	O	metal_obstacle64	
SPRITE	1216,320	O	metal_obstacle64	
SPRITE	1280,320	O	metal_obstacle64	
SPRITE	1344,320	O	metal_obstacle64	
SPRITE	1408,320	O	metal_obstacle64	
SPRITE	1472,320	O	metal_obstacle64	



#jut out of south wall
SPRITE	384,896	O	metal_obstacle64	
SPRITE	384,960	O	metal_obstacle64	


#parallel to south wall
SPRITE	576,832	O	metal_obstacle64	
SPRITE	640,832	O	metal_obstacle64	
SPRITE	704,832	O	metal_obstacle64	
SPRITE	768,832	O	metal_obstacle64	
SPRITE	832,832	O	metal_obstacle64	
#up bit
SPRITE	832,768	O	metal_obstacle64	
SPRITE	832,704	O	metal_obstacle64	
#jump right
SPRITE	1024,832	O	metal_obstacle64	
SPRITE	1088,832	O	metal_obstacle64	
SPRITE	1152,832	O	metal_obstacle64	
#then down to dead end
SPRITE	1152,896	O	metal_obstacle64	
SPRITE	1152,960	O	metal_obstacle64	
#jump right then edge
SPRITE	1344,832	O	metal_obstacle64	


SPRITE	1536,832	O	metal_obstacle64	
SPRITE	1600,832	O	metal_obstacle64	
SPRITE	1664,832	O	metal_obstacle64	
SPRITE	1728,832	O	metal_obstacle64	
SPRITE	1792,832	O	metal_obstacle64	
SPRITE	1856,832	O	metal_obstacle64	
#long up
SPRITE	1536,768	O	metal_obstacle64	
SPRITE	1536,704	O	metal_obstacle64	
SPRITE	1536,640	O	metal_obstacle64	
SPRITE	1536,576	O	metal_obstacle64	
SPRITE	1536,512	O	metal_obstacle64	


#wall in the upper left hand corner of the arena
SPRITE	128,128	O	metal_obstacle64	
SPRITE	192,128	O	metal_obstacle64	
SPRITE	256,128	O	metal_obstacle64	
SPRITE	320,128	O	metal_obstacle64	
SPRITE	384,128	O	metal_obstacle64	
SPRITE	448,128	O	metal_obstacle64	
SPRITE	512,128	O	metal_obstacle64	
#then down
SPRITE	512,192	O	metal_obstacle64	
SPRITE	512,256	O	metal_obstacle64	
SPRITE	512,320	O	metal_obstacle64	
SPRITE	512,384	O	metal_obstacle64	



#bit by red gate
SPRITE	1984,576	O	metal_obstacle64	
SPRITE	1920,576	O	metal_obstacle64	
SPRITE	1856,576	O	metal_obstacle64	
SPRITE	1792,576	O	metal_obstacle64	
SPRITE	1728,576	O	metal_obstacle64	
#go up
SPRITE	1728,512	O	metal_obstacle64	
SPRITE	1728,448	O	metal_obstacle64	
SPRITE	1728,384	O	metal_obstacle64	
#or down
SPRITE	1728,640	O	metal_obstacle64	
