name test
revision 1
width 800
height 512

# Background
SPRITE	0,0	TB	metal_bgtile	800	512	0,0
SPRITE	-64,192	TB	metal_bgtile	64	128	0,0
SPRITE	800,192	TB	metal_bgtile	64	128	0,0
# Walls
SPRITE	0,512	TB	metal_wall_s32	800	32	0,0
SPRITE	0,-32	TB	metal_wall_n32	800	32	0,0
SPRITE	800,0	TB	metal_wall_e32	32	192	0,0
SPRITE	800,192	B	metal_gate_e
SPRITE	800,320	TB	metal_wall_e32	32	192	0,0
SPRITE	-32,0	TB	metal_wall_w32	32	192	0,0
SPRITE	-64,192	B	metal_gate_w
SPRITE	-32,320	TB	metal_wall_w32	32	192	0,0
# Wall Corners
SPRITE	800,-32	B	metal_wall_ne32
SPRITE	-32,-32	B	metal_wall_nw32
SPRITE	-32,512	B	metal_wall_sw32
SPRITE	800,512	B	metal_wall_se32
# Gates
GATE	-15,200	BLUE
GATE	807,200	RED
# Spawnpoints
SPAWN	0,50	BLUE
SPAWN	0,100	BLUE
SPAWN	0,150	BLUE
SPAWN	0,200	BLUE
SPAWN	0,250	BLUE
SPAWN	0,300	BLUE
SPAWN	0,350	BLUE
SPAWN	0,400	BLUE
SPAWN	800,50	RED
SPAWN	800,100	RED
SPAWN	800,150	RED
SPAWN	800,200	RED
SPAWN	800,250	RED
SPAWN	800,300	RED
SPAWN	800,350	RED
SPAWN	800,400	RED
# Obstacles
SPRITE	64,256	O	metal_obstacle64	
SPRITE	128,256	O	metal_obstacle128	
SPRITE	320,320	O	metal_obstacle64	
SPRITE	512,96	O	metal_obstacle64	
SPRITE	512,416	O	metal_obstacle64	
SPRITE	608,192	O	metal_obstacle64	
SPRITE	608,256	O	metal_obstacle64	
